---
source: crates/agtrace-providers/tests/provider_snapshots.rs
expression: "(claude, codex)"
---
[
  {
    "lines": 26,
    "decoded": 26,
    "invalid_json": 0,
    "schema_mismatch": {},
    "unknown_kinds": {},
    "ignored_kinds": {
      "file-history-snapshot": 4
    },
    "samples": []
  },
  {
    "lines": 38,
    "decoded": 38,
    "invalid_json": 0,
    "schema_mismatch": {},
    "unknown_kinds": {},
    "ignored_kinds": {
      "event_msg/item_completed/AgentMessage": 1,
      "event_msg/item_completed/Reasoning": 3,
      "event_msg/item_completed/UserMessage": 1,
      "response_item/message/user(injected)": 1
    },
    "samples": []
  }
]
