---
source: crates/agtrace-providers/tests/provider_snapshots.rs
expression: json_pretty
---
{
  "id": "b4f29a58-4e32-5b5f-9795-ef066f40c9de",
  "session_id": "44228030-e543-5440-b2d7-87b0cf50c73c",
  "agent": "codex:019b04ae-b1c6-7c72-a134-a4c2de66058c",
  "parent_id": null,
  "timestamp": "2025-12-09T19:55:16.700Z",
  "origin": {
    "line": 1,
    "byte_offset": 482,
    "sub": 0
  },
  "type": "context_window_hint",
  "content": {
    "kind": "explicit",
    "tokens": 258400,
    "model": null
  }
}

{
  "id": "3800d59e-13bb-57e2-a4bf-7315eb4eaaf1",
  "session_id": "44228030-e543-5440-b2d7-87b0cf50c73c",
  "agent": "codex:019b04ae-b1c6-7c72-a134-a4c2de66058c",
  "parent_id": "b4f29a58-4e32-5b5f-9795-ef066f40c9de",
  "timestamp": "2025-12-09T19:55:16.700Z",
  "origin": {
    "line": 1,
    "byte_offset": 482,
    "sub": 1
  },
  "type": "agent_lifecycle",
  "content": {
    "target": {
      "by": "id",
      "value": "codex:019b04ae-b1c6-7c72-a134-a4c2de66058c"
    },
    "transition": "running"
  }
}

{
  "id": "2ef6f0ff-e691-57fd-8e84-ed563f39a317",
  "session_id": "44228030-e543-5440-b2d7-87b0cf50c73c",
  "agent": "codex:019b04ae-b1c6-7c72-a134-a4c2de66058c",
  "parent_id": "3800d59e-13bb-57e2-a4bf-7315eb4eaaf1",
  "timestamp": "2025-12-09T19:55:18.100Z",
  "origin": {
    "line": 3,
    "byte_offset": 1101,
    "sub": 0
  },
  "type": "model_change",
  "content": {
    "to": "gpt-5.5",
    "source": "turn_context"
  }
}

{
  "id": "e5195359-1dcf-59b8-bc8e-4cd9a6407c9d",
  "session_id": "44228030-e543-5440-b2d7-87b0cf50c73c",
  "agent": "codex:019b04ae-b1c6-7c72-a134-a4c2de66058c",
  "parent_id": "2ef6f0ff-e691-57fd-8e84-ed563f39a317",
  "timestamp": "2025-12-09T19:55:18.100Z",
  "origin": {
    "line": 3,
    "byte_offset": 1101,
    "sub": 1
  },
  "type": "agent_attribute",
  "content": {
    "key": "effort",
    "value": "medium"
  }
}

{
  "id": "5bc68a89-fda4-5b5f-b2a2-4893c8832312",
  "session_id": "44228030-e543-5440-b2d7-87b0cf50c73c",
  "agent": "codex:019b04ae-b1c6-7c72-a134-a4c2de66058c",
  "parent_id": "e5195359-1dcf-59b8-bc8e-4cd9a6407c9d",
  "timestamp": "2025-12-09T19:55:18.800Z",
  "origin": {
    "line": 4,
    "byte_offset": 1359,
    "sub": 0
  },
  "type": "user",
  "content": {
    "text": "add myapp directory and create myapp/hoge.py which shows result of print(1+1)."
  }
}

{
  "id": "5fe47d07-55a0-5709-af4a-825d1b28b161",
  "session_id": "44228030-e543-5440-b2d7-87b0cf50c73c",
  "agent": "codex:019b04ae-b1c6-7c72-a134-a4c2de66058c",
  "parent_id": "5bc68a89-fda4-5b5f-b2a2-4893c8832312",
  "timestamp": "2025-12-09T19:55:20.900Z",
  "origin": {
    "line": 7,
    "byte_offset": 2471,
    "sub": 0
  },
  "type": "reasoning",
  "content": {
    "text": "Creating the directory and file."
  }
}

{
  "id": "5e895cc6-d79c-58e8-8eba-2a2caa988341",
  "session_id": "44228030-e543-5440-b2d7-87b0cf50c73c",
  "agent": "codex:019b04ae-b1c6-7c72-a134-a4c2de66058c",
  "parent_id": "5fe47d07-55a0-5709-af4a-825d1b28b161",
  "timestamp": "2025-12-09T19:55:21.600Z",
  "origin": {
    "line": 8,
    "byte_offset": 2733,
    "sub": 0
  },
  "type": "tool_call",
  "content": {
    "name": "exec",
    "arguments": {
      "command": "mkdir -p myapp",
      "script": "await tools.exec_command({\"cmd\":\"mkdir -p myapp\",\"workdir\":\"/Users/test_user/agent-sample\"});\nawait tools.apply_patch(\"*** Begin Patch\\n*** Add File: myapp/hoge.py\\n+print(1 + 1)\\n*** End Patch\");"
    },
    "provider_call_id": "call_synthetic_01"
  }
}

{
  "id": "713a3f66-3e3a-5700-afb3-4478c301a3ca",
  "session_id": "44228030-e543-5440-b2d7-87b0cf50c73c",
  "agent": "codex:019b04ae-b1c6-7c72-a134-a4c2de66058c",
  "parent_id": "5e895cc6-d79c-58e8-8eba-2a2caa988341",
  "timestamp": "2025-12-09T19:55:22.300Z",
  "origin": {
    "line": 9,
    "byte_offset": 3215,
    "sub": 0
  },
  "type": "token_usage",
  "content": {
    "input": {
      "uncached": 1200,
      "cache_read": 3000,
      "cache_write": 0
    },
    "output": {
      "generated": 80,
      "reasoning": 40,
      "tool": 0
    },
    "model": "gpt-5.5",
    "dedupe_key": "resp_synthetic_01"
  }
}

{
  "id": "26e3033a-fc43-5a40-84d8-b68ecfd15c01",
  "session_id": "44228030-e543-5440-b2d7-87b0cf50c73c",
  "agent": "codex:019b04ae-b1c6-7c72-a134-a4c2de66058c",
  "parent_id": "713a3f66-3e3a-5700-afb3-4478c301a3ca",
  "timestamp": "2025-12-09T19:55:23Z",
  "origin": {
    "line": 10,
    "byte_offset": 3983,
    "sub": 0
  },
  "type": "tool_sub_action",
  "content": {
    "parent_tool_call_id": "5e895cc6-d79c-58e8-8eba-2a2caa988341",
    "call": {
      "name": "exec_command",
      "arguments": {
        "command": "mkdir -p myapp"
      }
    },
    "status": "completed",
    "exit_code": 0,
    "duration_ms": 100
  }
}

{
  "id": "52a8a0b5-4b86-5701-9267-a25700628880",
  "session_id": "44228030-e543-5440-b2d7-87b0cf50c73c",
  "agent": "codex:019b04ae-b1c6-7c72-a134-a4c2de66058c",
  "parent_id": "26e3033a-fc43-5a40-84d8-b68ecfd15c01",
  "timestamp": "2025-12-09T19:55:23.700Z",
  "origin": {
    "line": 11,
    "byte_offset": 4466,
    "sub": 0
  },
  "type": "tool_sub_action",
  "content": {
    "parent_tool_call_id": "5e895cc6-d79c-58e8-8eba-2a2caa988341",
    "call": {
      "name": "apply_patch",
      "arguments": {
        "file_path": "/Users/test_user/agent-sample/myapp/hoge.py",
        "content": "print(1 + 1)\n"
      }
    },
    "status": "completed",
    "output_preview": "Success. Updated the following files:\nA myapp/hoge.py\n"
  }
}

{
  "id": "ea104ba4-9f9b-5a30-8562-042488c277c0",
  "session_id": "44228030-e543-5440-b2d7-87b0cf50c73c",
  "agent": "codex:019b04ae-b1c6-7c72-a134-a4c2de66058c",
  "parent_id": "52a8a0b5-4b86-5701-9267-a25700628880",
  "timestamp": "2025-12-09T19:55:24.400Z",
  "origin": {
    "line": 12,
    "byte_offset": 4931,
    "sub": 0
  },
  "type": "tool_result",
  "content": {
    "output": "Script completed\nWall time 0.1 seconds\nOutput:\n\nSuccess. Updated the following files:\nA myapp/hoge.py\n",
    "tool_call_id": "5e895cc6-d79c-58e8-8eba-2a2caa988341",
    "is_error": false
  }
}

{
  "id": "7cb826bf-01e9-5e29-ad28-ed6fe4aa9ac8",
  "session_id": "44228030-e543-5440-b2d7-87b0cf50c73c",
  "agent": "codex:019b04ae-b1c6-7c72-a134-a4c2de66058c",
  "parent_id": "ea104ba4-9f9b-5a30-8562-042488c277c0",
  "timestamp": "2025-12-09T19:55:26.500Z",
  "origin": {
    "line": 15,
    "byte_offset": 6200,
    "sub": 0
  },
  "type": "message",
  "content": {
    "text": "Added simple script in `myapp/hoge.py` that prints the result of `1 + 1`.",
    "phase": "final_answer"
  }
}

{
  "id": "42326c12-027b-5219-9da6-54e30accd642",
  "session_id": "44228030-e543-5440-b2d7-87b0cf50c73c",
  "agent": "codex:019b04ae-b1c6-7c72-a134-a4c2de66058c",
  "parent_id": "7cb826bf-01e9-5e29-ad28-ed6fe4aa9ac8",
  "timestamp": "2025-12-09T19:55:27.200Z",
  "origin": {
    "line": 16,
    "byte_offset": 6559,
    "sub": 0
  },
  "type": "token_usage",
  "content": {
    "input": {
      "uncached": 300,
      "cache_read": 4200,
      "cache_write": 0
    },
    "output": {
      "generated": 30,
      "reasoning": 0,
      "tool": 0
    },
    "model": "gpt-5.5",
    "dedupe_key": "resp_synthetic_02"
  }
}

{
  "id": "e0be4379-e056-5192-84d1-92d3efa44fb3",
  "session_id": "44228030-e543-5440-b2d7-87b0cf50c73c",
  "agent": "codex:019b04ae-b1c6-7c72-a134-a4c2de66058c",
  "parent_id": "42326c12-027b-5219-9da6-54e30accd642",
  "timestamp": "2025-12-09T19:55:27.900Z",
  "origin": {
    "line": 17,
    "byte_offset": 7322,
    "sub": 0
  },
  "type": "turn_end",
  "content": {
    "outcome": {
      "outcome": "completed"
    },
    "duration_ms": 21000,
    "turn_id": "turn-0001"
  }
}

{
  "id": "29ad2ebf-1f0e-5045-8391-0d58999320d6",
  "session_id": "44228030-e543-5440-b2d7-87b0cf50c73c",
  "agent": "codex:019b04ae-b1c6-7c72-a134-a4c2de66058c",
  "parent_id": "e0be4379-e056-5192-84d1-92d3efa44fb3",
  "timestamp": "2025-12-09T19:55:28.600Z",
  "origin": {
    "line": 18,
    "byte_offset": 7569,
    "sub": 0
  },
  "type": "agent_lifecycle",
  "content": {
    "target": {
      "by": "id",
      "value": "codex:019b04ae-b1c6-7c72-a134-a4c2de66058c"
    },
    "transition": "running"
  }
}

{
  "id": "837906e2-917d-5fac-86f5-d1f8ca439230",
  "session_id": "44228030-e543-5440-b2d7-87b0cf50c73c",
  "agent": "codex:019b04ae-b1c6-7c72-a134-a4c2de66058c",
  "parent_id": "29ad2ebf-1f0e-5045-8391-0d58999320d6",
  "timestamp": "2025-12-09T19:55:30Z",
  "origin": {
    "line": 20,
    "byte_offset": 8047,
    "sub": 0
  },
  "type": "user",
  "content": {
    "text": "cd to myapp and run python hoge.py"
  }
}

{
  "id": "1dee7bbf-4b82-5272-b0c8-51e6b31aacbc",
  "session_id": "44228030-e543-5440-b2d7-87b0cf50c73c",
  "agent": "codex:019b04ae-b1c6-7c72-a134-a4c2de66058c",
  "parent_id": "837906e2-917d-5fac-86f5-d1f8ca439230",
  "timestamp": "2025-12-09T19:55:31.400Z",
  "origin": {
    "line": 22,
    "byte_offset": 8676,
    "sub": 0
  },
  "type": "reasoning",
  "content": {
    "text": "Running the script."
  }
}

{
  "id": "ee6926a8-7041-5de0-92b7-c8b5d7d87a71",
  "session_id": "44228030-e543-5440-b2d7-87b0cf50c73c",
  "agent": "codex:019b04ae-b1c6-7c72-a134-a4c2de66058c",
  "parent_id": "1dee7bbf-4b82-5272-b0c8-51e6b31aacbc",
  "timestamp": "2025-12-09T19:55:32.100Z",
  "origin": {
    "line": 23,
    "byte_offset": 8926,
    "sub": 0
  },
  "type": "tool_call",
  "content": {
    "name": "exec",
    "arguments": {
      "command": "python hoge.py",
      "script": "const r = await tools.exec_command({\"cmd\": \"python hoge.py\", \"workdir\": \"/Users/test_user/agent-sample/myapp\", \"yield_time_ms\": 10000}); text(r.output);"
    },
    "provider_call_id": "call_synthetic_02"
  }
}

{
  "id": "754ccdcf-33b3-5315-be52-9c698f35c731",
  "session_id": "44228030-e543-5440-b2d7-87b0cf50c73c",
  "agent": "codex:019b04ae-b1c6-7c72-a134-a4c2de66058c",
  "parent_id": "ee6926a8-7041-5de0-92b7-c8b5d7d87a71",
  "timestamp": "2025-12-09T19:55:32.800Z",
  "origin": {
    "line": 24,
    "byte_offset": 9377,
    "sub": 0
  },
  "type": "token_usage",
  "content": {
    "input": {
      "uncached": 200,
      "cache_read": 4500,
      "cache_write": 0
    },
    "output": {
      "generated": 40,
      "reasoning": 20,
      "tool": 0
    },
    "model": "gpt-5.5",
    "dedupe_key": "resp_synthetic_03"
  }
}

{
  "id": "1a98f2d0-a2ff-57cc-ba2f-68a103d40aea",
  "session_id": "44228030-e543-5440-b2d7-87b0cf50c73c",
  "agent": "codex:019b04ae-b1c6-7c72-a134-a4c2de66058c",
  "parent_id": "754ccdcf-33b3-5315-be52-9c698f35c731",
  "timestamp": "2025-12-09T19:55:33.500Z",
  "origin": {
    "line": 25,
    "byte_offset": 10143,
    "sub": 0
  },
  "type": "tool_sub_action",
  "content": {
    "parent_tool_call_id": "ee6926a8-7041-5de0-92b7-c8b5d7d87a71",
    "call": {
      "name": "exec_command",
      "arguments": {
        "command": "python hoge.py"
      }
    },
    "status": "failed",
    "exit_code": 127,
    "output_preview": "zsh: command not found: python\n",
    "duration_ms": 100
  }
}

{
  "id": "163bfae7-9956-5bc3-b336-6187eb55f0c2",
  "session_id": "44228030-e543-5440-b2d7-87b0cf50c73c",
  "agent": "codex:019b04ae-b1c6-7c72-a134-a4c2de66058c",
  "parent_id": "1a98f2d0-a2ff-57cc-ba2f-68a103d40aea",
  "timestamp": "2025-12-09T19:55:34.200Z",
  "origin": {
    "line": 26,
    "byte_offset": 10695,
    "sub": 0
  },
  "type": "tool_result",
  "content": {
    "output": "Script failed\nWall time 0.1 seconds\nOutput:\n\nzsh: command not found: python\n",
    "tool_call_id": "ee6926a8-7041-5de0-92b7-c8b5d7d87a71",
    "is_error": true
  }
}

{
  "id": "463483fe-378a-579a-847f-b01b76889b14",
  "session_id": "44228030-e543-5440-b2d7-87b0cf50c73c",
  "agent": "codex:019b04ae-b1c6-7c72-a134-a4c2de66058c",
  "parent_id": "163bfae7-9956-5bc3-b336-6187eb55f0c2",
  "timestamp": "2025-12-09T19:55:36.300Z",
  "origin": {
    "line": 29,
    "byte_offset": 11856,
    "sub": 0
  },
  "type": "reasoning",
  "content": {
    "text": "Retrying with python3."
  }
}

{
  "id": "ec0d070a-1109-5eeb-8a0e-ac187dcfdd4f",
  "session_id": "44228030-e543-5440-b2d7-87b0cf50c73c",
  "agent": "codex:019b04ae-b1c6-7c72-a134-a4c2de66058c",
  "parent_id": "463483fe-378a-579a-847f-b01b76889b14",
  "timestamp": "2025-12-09T19:55:37Z",
  "origin": {
    "line": 30,
    "byte_offset": 12109,
    "sub": 0
  },
  "type": "tool_call",
  "content": {
    "name": "exec",
    "arguments": {
      "command": "python3 hoge.py",
      "script": "const r = await tools.exec_command({\"cmd\": \"python3 hoge.py\", \"workdir\": \"/Users/test_user/agent-sample/myapp\", \"yield_time_ms\": 10000}); text(r.output);"
    },
    "provider_call_id": "call_synthetic_03"
  }
}

{
  "id": "cea0b957-6899-51a0-9f83-800adc13fd46",
  "session_id": "44228030-e543-5440-b2d7-87b0cf50c73c",
  "agent": "codex:019b04ae-b1c6-7c72-a134-a4c2de66058c",
  "parent_id": "ec0d070a-1109-5eeb-8a0e-ac187dcfdd4f",
  "timestamp": "2025-12-09T19:55:37.700Z",
  "origin": {
    "line": 31,
    "byte_offset": 12561,
    "sub": 0
  },
  "type": "token_usage",
  "content": {
    "input": {
      "uncached": 200,
      "cache_read": 4700,
      "cache_write": 0
    },
    "output": {
      "generated": 30,
      "reasoning": 10,
      "tool": 0
    },
    "model": "gpt-5.5",
    "dedupe_key": "resp_synthetic_04"
  }
}

{
  "id": "df5361a3-b3bc-56e2-9609-3741729611d2",
  "session_id": "44228030-e543-5440-b2d7-87b0cf50c73c",
  "agent": "codex:019b04ae-b1c6-7c72-a134-a4c2de66058c",
  "parent_id": "cea0b957-6899-51a0-9f83-800adc13fd46",
  "timestamp": "2025-12-09T19:55:38.400Z",
  "origin": {
    "line": 32,
    "byte_offset": 13327,
    "sub": 0
  },
  "type": "tool_sub_action",
  "content": {
    "parent_tool_call_id": "ec0d070a-1109-5eeb-8a0e-ac187dcfdd4f",
    "call": {
      "name": "exec_command",
      "arguments": {
        "command": "python3 hoge.py"
      }
    },
    "status": "completed",
    "exit_code": 0,
    "output_preview": "2\n",
    "duration_ms": 100
  }
}

{
  "id": "ebec843d-cde4-5f16-8a42-829fd1ddb1cc",
  "session_id": "44228030-e543-5440-b2d7-87b0cf50c73c",
  "agent": "codex:019b04ae-b1c6-7c72-a134-a4c2de66058c",
  "parent_id": "df5361a3-b3bc-56e2-9609-3741729611d2",
  "timestamp": "2025-12-09T19:55:39.100Z",
  "origin": {
    "line": 33,
    "byte_offset": 13823,
    "sub": 0
  },
  "type": "tool_result",
  "content": {
    "output": "Script completed\nWall time 0.1 seconds\nOutput:\n\n2\n",
    "tool_call_id": "ec0d070a-1109-5eeb-8a0e-ac187dcfdd4f",
    "is_error": false
  }
}

{
  "id": "388dff29-5c7e-5a2f-a7c6-38f4d49b3324",
  "session_id": "44228030-e543-5440-b2d7-87b0cf50c73c",
  "agent": "codex:019b04ae-b1c6-7c72-a134-a4c2de66058c",
  "parent_id": "ebec843d-cde4-5f16-8a42-829fd1ddb1cc",
  "timestamp": "2025-12-09T19:55:40.500Z",
  "origin": {
    "line": 35,
    "byte_offset": 14628,
    "sub": 0
  },
  "type": "message",
  "content": {
    "text": "Ran the script with `python3` (since `python` isn't available here). Output: `2`.",
    "phase": "final_answer"
  }
}

{
  "id": "de140486-f0ac-534f-89d7-dff1d13f6edd",
  "session_id": "44228030-e543-5440-b2d7-87b0cf50c73c",
  "agent": "codex:019b04ae-b1c6-7c72-a134-a4c2de66058c",
  "parent_id": "388dff29-5c7e-5a2f-a7c6-38f4d49b3324",
  "timestamp": "2025-12-09T19:55:41.200Z",
  "origin": {
    "line": 36,
    "byte_offset": 14995,
    "sub": 0
  },
  "type": "token_usage",
  "content": {
    "input": {
      "uncached": 100,
      "cache_read": 4900,
      "cache_write": 0
    },
    "output": {
      "generated": 30,
      "reasoning": 0,
      "tool": 0
    },
    "model": "gpt-5.5",
    "dedupe_key": "resp_synthetic_05"
  }
}

{
  "id": "c15dc41d-e62c-5061-8357-dcd929d88dc0",
  "session_id": "44228030-e543-5440-b2d7-87b0cf50c73c",
  "agent": "codex:019b04ae-b1c6-7c72-a134-a4c2de66058c",
  "parent_id": "de140486-f0ac-534f-89d7-dff1d13f6edd",
  "timestamp": "2025-12-09T19:55:41.900Z",
  "origin": {
    "line": 37,
    "byte_offset": 15758,
    "sub": 0
  },
  "type": "turn_end",
  "content": {
    "outcome": {
      "outcome": "completed"
    },
    "duration_ms": 20000,
    "turn_id": "turn-0002"
  }
}
