---
source: crates/agtrace-cli/tests/help_snapshots.rs
expression: help
---
Scan the system for installed AI agent tools and automatically configure their log paths.

Supported providers:
  - Claude Code (~/.claude/projects)
  - Codex (~/.codex/sessions)
  - Gemini (~/.gemini/tmp)

Detected providers are saved to the configuration file.

Usage: agtrace provider detect [OPTIONS]

Options:
      --data-dir <DATA_DIR>
          Directory for agtrace database and configuration
          
          [default: ~/.agtrace]

      --quiet
          Minimal output (IDs only, for scripting)

      --compact
          Compact output (one line per item)

      --format <FORMAT>
          Output format for command results
          
          [default: plain]
          [possible values: plain, json]

      --log-level <LOG_LEVEL>
          Logging verbosity level
          
          [default: info]
          [possible values: error, warn, info, debug, trace]

      --verbose
          Verbose output (all metadata)

      --project-root <PROJECT_ROOT>
          Override project root directory (defaults to current directory)

      --all-projects
          Operate on all indexed projects instead of current project only

  -h, --help
          Print help (see a summary with '-h')
