---
source: crates/agtrace-cli/tests/help_snapshots.rs
expression: help
---
Display the raw contents of a log file for manual inspection.

Useful for debugging parsing issues or understanding log file structure.

Usage: agtrace doctor inspect [OPTIONS] <FILE_PATH>

Arguments:
  <FILE_PATH>
          Path to the log file

Options:
      --lines <LINES>
          Number of lines to display
          
          [default: 50]

      --format <FORMAT>
          Display format
          
          [default: raw]
          [possible values: raw, json]

  -h, --help
          Print help (see a summary with '-h')

Output Options:
      --quiet
          Minimal output (IDs only, for scripting)

      --compact
          Compact output (one line per item)

      --verbose
          Verbose output (all metadata)

Global Options:
      --data-dir <DATA_DIR>
          Directory for agtrace database and configuration (defaults to system data directory, or AGTRACE_PATH env var)

      --log-level <LOG_LEVEL>
          Logging verbosity level
          
          [default: info]
          [possible values: error, warn, info, debug, trace]

      --project <PROJECT_ROOT>
          Target project directory (defaults to current directory)

      --all-projects
          Operate on all indexed projects instead of current project only

      --all-worktrees
          Include sessions from all git worktrees of the current repository
