---
source: crates/agtrace-cli/tests/help_snapshots.rs
expression: help
---
Export session data to various formats

Usage: agtrace lab export [OPTIONS] <SESSION_ID>

Arguments:
  <SESSION_ID>
          Session ID (short or full hash)

Options:
      --output <OUTPUT>
          Output file path (defaults to session_{id}.jsonl)

      --export-format <EXPORT_FORMAT>
          Export file format
          
          [default: jsonl]
          [possible values: jsonl, text]

      --strategy <STRATEGY>
          Export strategy
          
          [default: raw]
          [possible values: raw, clean, reasoning]

  -h, --help
          Print help (see a summary with '-h')

Global Options:
      --data-dir <DATA_DIR>
          Directory for agtrace database and configuration (defaults to system data directory, or AGTRACE_PATH env var)

      --format <FORMAT>
          Output format for command results
          
          [default: plain]
          [possible values: plain, json]

      --log-level <LOG_LEVEL>
          Logging verbosity level
          
          [default: info]
          [possible values: error, warn, info, debug, trace]

      --project-root <PROJECT_ROOT>
          Override project root directory (defaults to current directory)

      --all-projects
          Operate on all indexed projects instead of current project only

EXAMPLES:
  # Export to default file (session_abc123de.jsonl)
  agtrace lab export abc123def

  # Export to a specific file
  agtrace lab export abc123def --output session.jsonl

  # Export as plain text
  agtrace lab export abc123def --export-format text --output session.txt

  # Export with different strategies (filtering events)
  agtrace lab export abc123def --strategy clean --output session.jsonl
