---
source: crates/agtrace-cli/tests/help_snapshots.rs
expression: help
---
Display session analysis with context usage and turn metrics

Usage: agtrace session show [OPTIONS] <SESSION_ID>

Arguments:
  <SESSION_ID>  

Options:
      --data-dir <DATA_DIR>          [default: ~/.agtrace]
      --format <FORMAT>              Output format [default: plain] [possible values: plain, json]
      --quiet                        Minimal output (IDs only, for scripting)
      --compact                      Compact output (one line per item)
      --log-level <LOG_LEVEL>        [default: info] [possible values: error, warn, info, debug, trace]
      --project-root <PROJECT_ROOT>  
      --verbose                      Verbose output (all metadata)
      --all-projects                 
  -h, --help                         Print help
