---
source: crates/agtrace-cli/tests/help_snapshots.rs
expression: help
---
Normalize and analyze agent behavior logs

Usage: agtrace [OPTIONS] [COMMAND]

Commands:
  index     Manage index database operations
  session   Manage and view session data
  provider  Manage provider configurations
  doctor    Diagnose provider configurations and log files
  project   List indexed projects
  lab       Experimental features
  sessions  List recent sessions (alias for 'session list')
  pack      Analyze and pack sessions for sharing
  watch     Watch for live session updates
  init      Initialize agtrace configuration
  help      Print this message or the help of the given subcommand(s)

Options:
      --data-dir <DATA_DIR>          [default: ~/.agtrace]
      --format <FORMAT>              [default: plain] [possible values: plain, json]
      --log-level <LOG_LEVEL>        [default: info] [possible values: error, warn, info, debug, trace]
      --project-root <PROJECT_ROOT>  
      --all-projects                 
  -h, --help                         Print help
  -V, --version                      Print version
