---
source: crates/agtrace-cli/tests/mcp_snapshots.rs
expression: "snapshot_req_resp(args, response)"
---
{
  "request": {
    "session_id": "nonexistent-id-12345678"
  },
  "response": {
    "error": {
      "code": -32603,
      "message": "Not found: Session nonexistent-id-12345678: Invalid operation: Session not found: nonexistent-id-12345678"
    },
    "id": 1,
    "jsonrpc": "2.0"
  }
}
