---
source: crates/agtrace-cli/tests/mcp_snapshots.rs
expression: content
---
{
  "_meta": {
    "bytes": 456,
    "content_level": "summary",
    "estimated_tokens": 114,
    "has_more": false,
    "truncation": {
      "fields": [
        "snippet"
      ],
      "max_len": 200
    }
  },
  "end_time": "[TIMESTAMP]",
  "project_hash": "[PROJECT_HASH]",
  "provider": "claude_code",
  "session_id": "[ID]",
  "snippet": "add myapp directory and create myapp/hoge.py which shows result of print(1+1).",
  "start_time": "[TIMESTAMP]",
  "stats": {
    "duration_seconds": 67,
    "total_tokens": 94471,
    "total_turns": 2
  }
}
