---
source: crates/agtrace-cli/tests/watch_tui.rs
expression: "draw(&view, &mut overview_ui(), 80, 24)"
---
"┏ ▶ Overview · project demo-project · activity: last 15m ━━━━━━━━━━━━━━━━━━━━━━┓"
"┃  agent             status context     activity 1m/cell     now               ┃"
"┃ codex /root · idle · up 4m · gpt-5.6 · ctx █░░░░░░░░░ 12% of 258k [log] · ⟲1 ┃"
"┃▶ codex /root       ○ idle █░░░░░  12%                ▃·⟲   idle 2m           ┃"
"┃  ├ judge           ● busy █████░  77%                ▂▃▂·· ▸ exec cargo test…┃"
"┃  │ └ x             ● busy █░░░░░   5%                 ···▂ "Reproducing the …┃"
"┃  └ scout           ✓ done █░░░░░  15%                ▂▂    result: "3 flaky …┃"
"┃ s-lead · busy · up 5m · claude-opus-5-5[1m] · ctx ████░░░░░░ 42% of 1.0M [1m]┃"
"┃  s-lead            ● busy ███░░░  42%                ▅⟲▂·▂ ▸ Bash mise run t…┃"
"┃  ├ T audit-A       ○ idle █░░░░░  12%                ▃▂    idle 3m           ┃"
"┃  ├ T audit-B       ○ idle █░░░░░   9%                ▃▂    idle 3m           ┃"
"┃  ├ S explore call… ✓ done █░░░░░  15%                ▃·▂   result: "found 2 …┃"
"┃  └ F fork: bench   ● busy █████░  75%                ▂···▂ ▸ Bash cargo benc…┃"
"┃                                                                              ┃"
"┃                                                                              ┃"
"┃                                                                              ┃"
"┃                                                                              ┃"
"┃                                                                              ┃"
"┗━━━━━━━━━━━━━━━━━━━━━━━━━━━━━━━━━━━━━━━━━━━━━━━━━━━━━━━━━━━━━━━━━━━━━━━━━━━━━━┛"
"┌ Messages ────────────────────────────────────────────────────────────────────┐"
"│12:02 explore call sites          done                                        │"
"│12:02 explore call sites → s-lead TASK_NOTIFY "found 2 call sites"            │"
"└──────────────────────────────────────────────────────────────────────────────┘"
" OVERVIEW  9 agents (4 running, 3 idle)           ↵ detail · +/- window · ? help"
