---
source: crates/agtrace-cli/tests/watch_tui.rs
expression: "draw(&view, &mut ui(), 80, 24)"
---
"┌ Agents · project demo-pro┐┌ waiting for agents… ─────────────────────────────┐"
"│ no agents yet            ││                                                  │"
"│                          ││                                                  │"
"│                          ││                                                  │"
"│                          ││                                                  │"
"│                          ││                                                  │"
"│                          ││                                                  │"
"│                          ││                                                  │"
"│                          ││                                                  │"
"│                          ││                                                  │"
"│                          ││                                                  │"
"│                          ││                                                  │"
"│                          ││                                                  │"
"│                          ││                                                  │"
"│                          ││                                                  │"
"│                          ││                                                  │"
"└──────────────────────────┘└──────────────────────────────────────────────────┘"
"┌ Messages ────────────────────────────────────────────────────────────────────┐"
"│ no inter-agent messages yet                                                  │"
"│                                                                              │"
"│                                                                              │"
"│                                                                              │"
"└──────────────────────────────────────────────────────────────────────────────┘"
" scope: project demo-project · 0 agents (0 running, 0 idle) · ?:help q:quit     "
