---
source: crates/agtrace-cli/tests/watch_tui.rs
expression: "draw(&view, &mut ui, 80, 24)"
---
"┏ ▶ Navigator ━━━━━━━━━┓┌ Ship the release · claude · ● busy (bg) · ctx 25% of ┐"
"┃ ◆ demo-project       ┃│  agent          status context     now               │"
"┃ ▸ ● Audit the parser…┃│ Ship the release · idle (bg) · up 4m · claude-opus-5 │"
"┃ ▸ ● codex triage the…┃│  Ship the rele… ○ idle ██░░░░  25% idle 1m           │"
"┃▶▾ ● Ship the release ┃│  └ S step r0    ● busy             ▸ Bash cargo publ…│"
"┃  ├ ● S step r0       ┃│    ✓ 3 finished · ⊘ 8 killed · 1 earlier transcript  │"
"┃  └ ▸ ⊘ 8 killed · ✓ …┃│                                                      │"
"┃   ○ f00dcafe         ┃│                                                      │"
"┃   ✓ rename the confi…┃│                                                      │"
"┃ ▸ ✓ 1 older session  ┃│                                                      │"
"┃                      ┃│                                                      │"
"┃                      ┃│                                                      │"
"┃                      ┃│                                                      │"
"┃                      ┃│                                                      │"
"┃                      ┃│                                                      │"
"┃                      ┃│                                                      │"
"┃                      ┃│                                                      │"
"┃                      ┃└──────────────────────────────────────────────────────┘"
"┃                      ┃┌ Messages · this session ─────────────────────────────┐"
"┃                      ┃│12:03 step d0 done                                    │"
"┃                      ┃│12:03 step d1 done                                    │"
"┃                      ┃│12:03 step d2 done                                    │"
"┗━━━━━━━━━━━━━━━━━━━━━━┛└──────────────────────────────────────────────────────┘"
" demo-project › Ship the release  6 sessions (4 live) · 25 age…  → open · ? help"
