---
source: crates/agtrace-cli/tests/watch_tui.rs
expression: "draw(&view, &mut ui, 140, 40)"
---
"┏ ▶ Sessions · project demo-project · 4 live, 1 recent, 1 older ━━━━━━━━━━━━━━━━━━━━━━━━━━━━━━━━━━━━━━━━━━━━━━━━━━━━━━━━━━━━━━━━━━━━━━━━━━━┓"
"┃   provider session                                      state       agents       ctx last now                                            ┃"
"┃   claude   Audit the parser with a team of reviewers    ● busy      5 (2 run)    42%  now ▸ Bash mise run test (10s)                     ┃"
"┃▶  codex    triage the flaky tests                       ● busy      4 (2 run)    12%  now "Reproducing the flake in a loop."             ┃"
"┃ ◆ claude   Ship the release                             ● busy (bg) 14 (1 run)   25%  now ▸ Bash cargo publish --dry-run (30s)           ┃"
"┃   claude   f00dcafe                                     ○ idle (bg) —              —   3m no transcript yet                              ┃"
"┃   claude   rename the config keys                       ✓ ended     1              —  23m idle 23m                                       ┃"
"┃   codex    bump the lockfile                            ✓ ended     1              — 2h34m done 2h34m ago                                ┃"
"┃                                                                                                                                          ┃"
"┃                                                                                                                                          ┃"
"┃                                                                                                                                          ┃"
"┃                                                                                                                                          ┃"
"┃                                                                                                                                          ┃"
"┃                                                                                                                                          ┃"
"┃                                                                                                                                          ┃"
"┃                                                                                                                                          ┃"
"┃                                                                                                                                          ┃"
"┃                                                                                                                                          ┃"
"┃                                                                                                                                          ┃"
"┃                                                                                                                                          ┃"
"┃                                                                                                                                          ┃"
"┃                                                                                                                                          ┃"
"┃                                                                                                                                          ┃"
"┃                                                                                                                                          ┃"
"┃                                                                                                                                          ┃"
"┃                                                                                                                                          ┃"
"┃                                                                                                                                          ┃"
"┃                                                                                                                                          ┃"
"┃                                                                                                                                          ┃"
"┃                                                                                                                                          ┃"
"┗━━━━━━━━━━━━━━━━━━━━━━━━━━━━━━━━━━━━━━━━━━━━━━━━━━━━━━━━━━━━━━━━━━━━━━━━━━━━━━━━━━━━━━━━━━━━━━━━━━━━━━━━━━━━━━━━━━━━━━━━━━━━━━━━━━━━━━━━━━┛"
"┌ Messages ────────────────────────────────────────────────────────────────────────────────────────────────────────────────────────────────┐"
"│12:03 step k5 killed                                                                                                                      │"
"│12:03 step k6 killed                                                                                                                      │"
"│12:03 step k7 killed                                                                                                                      │"
"│12:03 step d0 done                                                                                                                        │"
"│12:03 step d1 done                                                                                                                        │"
"│12:03 step d2 done                                                                                                                        │"
"└──────────────────────────────────────────────────────────────────────────────────────────────────────────────────────────────────────────┘"
" SESSIONS  session: Ship the release · 14 agents (1 run)                                   ↵ focus · space older · a all · Esc back · ? help"
