---
source: crates/agtrace-cli/tests/watch_tui.rs
expression: "draw(&view, &mut overview_ui(), 80, 24)"
---
"┏ ▶ Overview · project demo-project · activity: last 15m ━━━━━━━━━━━━━━━━━━━━━━┓"
"┃ Sessions · 4 live, 1 recent, 1 older  · 0 to list / focus one                ┃"
"┃   claude   Audit the parser with a team o… ● busy      5 (2 run)    42%  now ┃"
"┃   codex    triage the flaky tests          ● busy      4 (2 run)    12%  now ┃"
"┃   claude   Ship the release                ● busy (bg) 14 (1 run)   25%  now ┃"
"┃   +2 more — 0 to list                                                        ┃"
"┃  agent             status context     activity 1m/cell     now               ┃"
"┃ Audit the parser with a t… · busy · up 5m · claude-opus-5-5[1m] · ctx ████░░…┃"
"┃▶ Audit the parser… ● busy ███░░░  42%                ▅⟲▂·▂ ▸ Bash mise run t…┃"
"┃  ├ T audit-A       ○ idle █░░░░░  12%                ▃▂    idle 3m           ┃"
"┃  ├ T audit-B       ○ idle █░░░░░   9%                ▃▂    idle 3m           ┃"
"┃  └ F fork: bench   ● busy █████░  75%                ▂···▂ ▸ Bash cargo benc…┃"
"┃    ✓ 1 finished  (d to show)                                                 ┃"
"┃ codex triage the flaky tests · idle · up 4m · gpt-5.6 · ctx █░░░░░░░░░ 12% o…┃"
"┃  codex triage the… ○ idle █░░░░░  12%                ▃·⟲   idle 2m           ┃"
"┃  └ judge           ● busy █████░  77%                ▂▃▂·· ▸ exec cargo test…┃"
"┃    └ x             ● busy █░░░░░   5%                 ···▂ "Reproducing the …┃"
"┃    ✓ 1 finished  (d to show)                                                 ┃"
"┗━━━━━━━━━━━━━━━━━━━━━━━━━━━━━━━━━━━━━━━━━━━━━━━━━━━━━━━━━━━━━━━━━━━━━━━━━━ ↓7 ┛"
"┌ Messages ────────────────────────────────────────────────────────────────────┐"
"│12:03 step d1 done                                                            │"
"│12:03 step d2 done                                                            │"
"└──────────────────────────────────────────────────────────────────────────────┘"
" OVERVIEW  6 sessions (4 live) · 24 agents (5 run) · 14 folded ↵ detail · ? help"
