---
source: crates/agtrace-cli/tests/watch_tui.rs
expression: out
---
"┏ ▶ Navigator ━━━━━━━━━━━━━━━━━━━━━━━━━┓┌ ⊘ 8 killed · ✓ 3 done · 1 earlier transcript · under Ship the release ───────────────────────────┐"
"┃ ◆ demo-project  4 live               ┃│  agent                 status context     activity 1m/cell                now                    │"
"┃ ▸ ● Audit the parser with a tea…  42%┃│  /clear · Ship the re… ✓ done                                             done 2h18m ago         │"
"┃ ▸ ● codex triage the flaky tests  12%┃│  S step k0             ⊘ kill                                       ▂··   killed 1m ago          │"
"┃ ▾ ● Ship the release              25%┃│  S step k1             ⊘ kill                                       ▂··   killed 1m ago          │"
"┃  ├ ● S step r0                       ┃│  S step k2             ⊘ kill                                       ▂··   killed 1m ago          │"
"┃▶ └ ▸ ⊘ 8 killed · ✓ 3 done · 1 earli…┃│  S step k3             ⊘ kill                                       ▂··   killed 1m ago          │"
"┃   ○ f00dcafe                         ┃│  S step k4             ⊘ kill                                       ▂··   killed 1m ago          │"
"┃   ✓ rename the config keys           ┃│  S step k5             ⊘ kill                                       ▂··   killed 1m ago          │"
"┃ ▸ ✓ 1 older session                  ┃│  S step k6             ⊘ kill                                       ▂··   killed 1m ago          │"
"┃                                      ┃│  S step k7             ⊘ kill                                       ▂··   killed 1m ago          │"
"┃                                      ┃│  S step d0             ✓ done                                       ▂··   done 1m ago            │"
"┃                                      ┃│  S step d1             ✓ done                                       ▂··   done 1m ago            │"
"┃                                      ┃│  S step d2             ✓ done                                       ▂··   done 1m ago            │"
"┃                                      ┃│   → lists them in the navigator · d shows them in place                                          │"
"┃                                      ┃│                                                                                                  │"
"┃                                      ┃│                                                                                                  │"
"┃                                      ┃│                                                                                                  │"
"┃                                      ┃│                                                                                                  │"
"┃                                      ┃│                                                                                                  │"
"┃                                      ┃│                                                                                                  │"
"┃                                      ┃│                                                                                                  │"
"┃                                      ┃│                                                                                                  │"
"┃                                      ┃│                                                                                                  │"
"┃                                      ┃│                                                                                                  │"
"┃                                      ┃│                                                                                                  │"
"┃                                      ┃│                                                                                                  │"
"┃                                      ┃│                                                                                                  │"
"┃                                      ┃│                                                                                                  │"
"┃                                      ┃└──────────────────────────────────────────────────────────────────────────────────────────────────┘"
"┃                                      ┃┌ Messages · folded agents ────────────────────────────────────────────────────────────────────────┐"
"┃                                      ┃│12:03 step k4 killed                                                                              │"
"┃                                      ┃│12:03 step k5 killed                                                                              │"
"┃                                      ┃│12:03 step k6 killed                                                                              │"
"┃                                      ┃│12:03 step k7 killed                                                                              │"
"┃                                      ┃│12:03 step d0 done                                                                                │"
"┃                                      ┃│12:03 step d1 done                                                                                │"
"┃                                      ┃│12:03 step d2 done                                                                                │"
"┗━━━━━━━━━━━━━━━━━━━━━━━━━━━━━━━━━━━━━━┛└──────────────────────────────────────────────────────────────────────────────────────────────────┘"
" demo-project › Ship the release › ⊘ 8 killed · ✓ 3 done…  6 sessions (4 live) · 25 agents (5 run) · 12 folded      → open · ↵ read · ? help"
