---
source: crates/agtrace-cli/tests/watch_tui.rs
expression: "draw(&view, &mut ui, 140, 40)"
---
"┌ Navigator ───────────────────────────┐┏ ▶ s-lead ━━━━━━━━━━━━━━━━━━━━━━━━━━━━━━━━━━━━━━━━━━━━━━━━━━━━━━━━━━━━━━━━━━━━━━━━━━━━━━━━━━━━━━━━┓"
"│ ◆ demo-project  2 live               │┃s-lead · main session · claude-opus-5-5[1m] · effort high · ● busy 4m                             ┃"
"│▶▾ ● Audit the parser with a tea…  42%│┃ctx ████░░░░░░ 42% of 1.0M [1m]  ▁⟲▄   in 516k / out 20 · 1 turns · 1 tools                       ┃"
"│  ├ ○ T audit-A                    12%│┃── [i] Instructions (2) ──────────────────────────────────────────────────────────────────────────┃"
"│  ├ ○ T audit-B                     9%│┃[12:00 user]                                                                                      ┃"
"│  ├ ✓ S explore call sites         15%│┃  Audit the parser with a team of reviewers                                                       ┃"
"│  └ ● F fork: bench                75%│┃                                                                                                  ┃"
"│ ▾ ● codex triage the flaky tests  12%│┃[12:00 queued prompt]                                                                             ┃"
"│  ├ ▾ ● judge                      77%│┃  also check the tokenizer                                                                        ┃"
"│  │ └ ● x                           5%│┃── ▶ [n] Now ─────────────────────────────────────────────────────────────────────────────────────┃"
"│  └ ✓ scout                        15%│┃▸ Bash mise run test  (10s)                                                                       ┃"
"│                                      │┃tasks (1/3 done):                                                                                 ┃"
"│                                      │┃  ▸ Reviewing the parser  [audit-A]                                                               ┃"
"│                                      │┃  ✓ Scan for panics  [audit-B]                                                                    ┃"
"│                                      │┃  ☐ Write the summary                                                                             ┃"
"│                                      │┃last said (12:00):                                                                                ┃"
"│                                      │┃  Spawning two reviewers and an explorer.                                                         ┃"
"│                                      │┃── [r] Result ────────────────────────────────────────────────────────────────────────────────────┃"
"│                                      │┃(running — no result yet)                                                                         ┃"
"│                                      │┃── [t] Timeline (17) ──────────────────────────────────────────────────────────────────── 9-17/17 ┃"
"│                                      │┃12:00 ⏹ interrupted                                                                               ┃"
"│                                      │┃12:00 ↲ queued         also check the tokenizer                                                   ┃"
"│                                      │┃12:01 ← audit-A        MESSAGE "done, found 3 bugs"                                               ┃"
"│                                      │┃12:01 ◆ model          claude-opus-5 → claude-opus-5-5[1m]                                        ┃"
"│                                      │┃12:01 ⟲ compact        974k→112k (auto)                                                           ┃"
"│                                      │┃12:01 ◇ audit-B        idle                                                                       ┃"
"│                                      │┃12:02 ◇ explore call … done                                                                       ┃"
"│                                      │┃12:02 ← explore call … TASK_NOTIFY "found 2 call sites"                                           ┃"
"│                                      │┃12:04 ▸ Bash           mise run test                                                              ┃"
"│                                      │┗━━━━━━━━━━━━━━━━━━━━━━━━━━━━━━━━━━━━━━━━━━━━━━━━━━━━━━━━━━━━━━━━━━━━━━━━━━━━━━━━━━━━━━━━━━━━━━━━━━┛"
"│                                      │┌ Messages · this session ─────────────────────────────────────────────────────────────────────────┐"
"│                                      ││12:00 s-lead → audit-A            NEW_TASK       "review parser"                                  │"
"│                                      ││12:00 s-lead → explore call sites spawn subagent Explore                                          │"
"│                                      ││12:00 s-lead → fork: bench        spawn fork                                                      │"
"│                                      ││12:01 audit-A → s-lead            MESSAGE        "done, found 3 bugs"                             │"
"│                                      ││12:01 audit-B                     idle                                                            │"
"│                                      ││12:02 explore call sites          done                                                            │"
"│                                      ││12:02 explore call sites → s-lead TASK_NOTIFY    "found 2 call sites"                             │"
"└──────────────────────────────────────┘└──────────────────────────────────────────────────────────────────────────────────────────────────┘"
" demo-project › Audit the parser with a team of re… · NOW  2 sessions (2 live) · 9 agents (4 run)                j/k scroll · ← nav · ? help"
