---
source: crates/agtrace-cli/tests/watch_tui.rs
expression: "draw(&view, &mut ui, 80, 24)"
---
"┏ ▶ Navigator · /scout:┓┌ /root/scout ─────────────────────────────────────────┐"
"┃ ◆ demo-project       ┃│/root/scout · thread of /root · gpt-5.6 · effort low …│"
"┃ ▾ ● codex triage the…┃│ctx ██░░░░░░░░ 15% of 258k [log]  ▂   in 40k / out 10…│"
"┃▶ └ ✓ scout           ┃│── [i] Instructions (1) ──────────────────────────────│"
"┃                      ┃│[12:00 spawned by /root · NEW_TASK]                   │"
"┃                      ┃│  [encrypted by Codex] NEW_TASK from /root · path     │"
"┃                      ┃│  /root/scout · task scout                            │"
"┃                      ┃│── [n] Now ───────────────────────────────────────────│"
"┃                      ┃│done                                                  │"
"┃                      ┃│── ▶ [r] Result ──────────────────────────────────────│"
"┃                      ┃│[12:02 FINAL_ANSWER]                                  │"
"┃                      ┃│  3 flaky tests, all in watch_command.rs              │"
"┃                      ┃│── [t] Timeline (3) ──────────────────────────────────│"
"┃                      ┃│12:00 ← /root    NEW_TASK [encrypted]                 │"
"┃                      ┃│12:01 → /root    FINAL_ANSWER "3 flaky tests, all in …│"
"┃                      ┃│12:02 ─ turn end                                      │"
"┃                      ┃│                                                      │"
"┃                      ┃└──────────────────────────────────────────────────────┘"
"┃                      ┃┌ Messages · /root/scout ──────────────────────────────┐"
"┃                      ┃│12:00 /root → /root/scout NEW_TASK     [encrypted]    │"
"┃                      ┃│12:02 /root/scout → /root FINAL_ANSWER "3 flaky tests,│"
"┃                      ┃│12:02 /root/scout         done                        │"
"┗━━━━━━━━━━━━━━━━━━━━━━┛└──────────────────────────────────────────────────────┘"
" FIND  /scout▏  1 match                          ↑/↓ select · ↵ keep · Esc clear"
