---
source: crates/agtrace-cli/tests/watch_tui.rs
expression: out
---
"┏ ▶ Overview · project demo-project · activity: last 15m ━━━━━━━━━━━━━━━━━━━━━━━━━━━━━━━━━━━━━━━━━━━━━━━━━━━━━━━━━━━━━━━━━━━━━━━━━━━━━━━━━━┓"
"┃ Sessions · 4 live, 1 recent, 1 older  · 0 to list / focus one                                                                            ┃"
"┃   claude   Audit the parser with a team of reviewers    ● busy      5 (2 run)    42%  now ▸ Bash mise run test (10s)                     ┃"
"┃   codex    triage the flaky tests                       ● busy      4 (2 run)    12%  now "Reproducing the flake in a loop."             ┃"
"┃   claude   Ship the release                             ● busy (bg) 14 (1 run)   25%  now ▸ Bash cargo publish --dry-run (30s)           ┃"
"┃   claude   f00dcafe                                     ○ idle (bg) —              —   3m no transcript yet                              ┃"
"┃   claude   rename the config keys                       ✓ ended     1              —  23m idle 23m                                       ┃"
"┃  agent                        status context     activity 1m/cell                                       now                              ┃"
"┃ Audit the parser with a team of reviewers · busy · up 5m · claude-opus-5-5[1m] · ctx ████░░░░░░ 42% of 1.0M [1m] · ⟲1 · 5 agents (2 runn…┃"
"┃▶ Audit the parser with a tea… ● busy ███░░░  42%                                                  ▅⟲▂·▂ ▸ Bash mise run test (10s)       ┃"
"┃  ├ T audit-A                  ○ idle █░░░░░  12%                                                  ▃▂    idle 3m                          ┃"
"┃  ├ T audit-B                  ○ idle █░░░░░   9%                                                  ▃▂    idle 3m                          ┃"
"┃  └ F fork: bench              ● busy █████░  75%                                                  ▂···▂ ▸ Bash cargo bench -p agtrace-pr…┃"
"┃    ✓ 1 finished  (d to show)                                                                                                             ┃"
"┃ codex triage the flaky tests · idle · up 4m · gpt-5.6 · ctx █░░░░░░░░░ 12% of 258k [log] · ⟲1 · 4 agents (2 running) · effort medium     ┃"
"┃  codex triage the flaky tests ○ idle █░░░░░  12%                                                  ▃·⟲   idle 2m                          ┃"
"┃  └ judge                      ● busy █████░  77%                                                  ▂▃▂·· ▸ exec cargo test -p agtrace-cli ┃"
"┃    └ x                        ● busy █░░░░░   5%                                                   ···▂ "Reproducing the flake in a loop…┃"
"┃    ✓ 1 finished  (d to show)                                                                                                             ┃"
"┃ Ship the release · idle (bg) · up 4m · claude-opus-5 · ctx ███░░░░░░░ 25% of 200k [table] · 14 agents (1 running)                        ┃"
"┃  Ship the release             ○ idle ██░░░░  25%                                                  ▆··▆  idle 1m                          ┃"
"┃  └ S step r0                  ● busy                                                              ▂···▂ ▸ Bash cargo publish --dry-run (…┃"
"┃    ✓ 3 finished · ⊘ 8 killed · 1 earlier transcript  (d to show)                                                                         ┃"
"┃ rename the config keys · idle · up 25m                                                                                                   ┃"
"┃  rename the config keys       ○ idle                                                                    idle 23m                         ┃"
"┃ ▸ 1 older session — 0 to list                                                                                                            ┃"
"┃                                                                                                                                          ┃"
"┃                                                                                                                                          ┃"
"┃                                                                                                                                          ┃"
"┃                                                                                                                                          ┃"
"┗━━━━━━━━━━━━━━━━━━━━━━━━━━━━━━━━━━━━━━━━━━━━━━━━━━━━━━━━━━━━━━━━━━━━━━━━━━━━━━━━━━━━━━━━━━━━━━━━━━━━━━━━━━━━━━━━━━━━━━━━━━━━━━━━━━━━━━━━━━┛"
"┌ Messages ────────────────────────────────────────────────────────────────────────────────────────────────────────────────────────────────┐"
"│12:03 step k5 killed                                                                                                                      │"
"│12:03 step k6 killed                                                                                                                      │"
"│12:03 step k7 killed                                                                                                                      │"
"│12:03 step d0 done                                                                                                                        │"
"│12:03 step d1 done                                                                                                                        │"
"│12:03 step d2 done                                                                                                                        │"
"└──────────────────────────────────────────────────────────────────────────────────────────────────────────────────────────────────────────┘"
" OVERVIEW  6 sessions (4 live) · 24 agents (5 run) · 14 folded      ↵ detail · / find · 0 sessions · +/- window · d done · 2 agents · ? help"
