---
source: crates/agtrace-cli/tests/watch_tui.rs
expression: "draw(&view, &mut ui, 80, 24)"
---
"┏ ▶ Overview · project demo-project · activity: last 60m · /scout: 1 match ━━━━┓"
"┃  agent             status context     activity 3m/cell     now               ┃"
"┃ codex /root · idle · up 4m · gpt-5.6 · ctx █░░░░░░░░░ 12% of 258k [log] · ⟲1 ┃"
"┃  codex /root       ○ idle █░░░░░  12%                   ▂⟲ idle 2m           ┃"
"┃▶ └ scout           ✓ done █░░░░░  15%                   ▁  result: "3 flaky …┃"
"┃                                                                              ┃"
"┃                                                                              ┃"
"┃                                                                              ┃"
"┃                                                                              ┃"
"┃                                                                              ┃"
"┃                                                                              ┃"
"┃                                                                              ┃"
"┃                                                                              ┃"
"┃                                                                              ┃"
"┃                                                                              ┃"
"┃                                                                              ┃"
"┃                                                                              ┃"
"┃                                                                              ┃"
"┗━━━━━━━━━━━━━━━━━━━━━━━━━━━━━━━━━━━━━━━━━━━━━━━━━━━━━━━━━━━━━━━━━━━━━━━━━━━━━━┛"
"┌ Messages ────────────────────────────────────────────────────────────────────┐"
"│12:02 explore call sites          done                                        │"
"│12:02 explore call sites → s-lead TASK_NOTIFY "found 2 call sites"            │"
"└──────────────────────────────────────────────────────────────────────────────┘"
" FIND  /scout▏  1 match                          ↑/↓ select · ↵ open · Esc clear"
