---
source: crates/agtrace-cli/tests/watch_tui.rs
expression: vm
---
{
  "nav": {
    "rows": [
      {
        "key": "@top",
        "kind": "top",
        "depth": 0,
        "guides": [],
        "is_last_sibling": true,
        "parent": null,
        "label": "demo-project",
        "provider": "",
        "badge": null,
        "status": "unknown",
        "state": null,
        "bg": false,
        "live": 2,
        "folded": null,
        "ctx_pct": null,
        "expandable": true,
        "expanded": true,
        "first_item": null,
        "matched": false,
        "selected": true
      },
      {
        "key": "claude:s-lead",
        "kind": "session",
        "depth": 1,
        "guides": [],
        "is_last_sibling": false,
        "parent": "@top",
        "label": "Audit the parser with a team of reviewers",
        "provider": "claude_code",
        "badge": null,
        "status": "running",
        "state": "busy",
        "bg": false,
        "live": 0,
        "folded": null,
        "ctx_pct": 42,
        "expandable": true,
        "expanded": false,
        "first_item": null,
        "matched": false,
        "selected": false
      },
      {
        "key": "codex:t-root",
        "kind": "session",
        "depth": 1,
        "guides": [],
        "is_last_sibling": true,
        "parent": "@top",
        "label": "triage the flaky tests",
        "provider": "codex",
        "badge": null,
        "status": "running",
        "state": "busy",
        "bg": false,
        "live": 0,
        "folded": null,
        "ctx_pct": 12,
        "expandable": true,
        "expanded": false,
        "first_item": null,
        "matched": false,
        "selected": false
      }
    ]
  },
  "content": {
    "type": "overview"
  },
  "sessions": {
    "scope": "project demo-project",
    "rows": [
      {
        "id": "claude:s-lead",
        "provider": "claude_code",
        "name": "Audit the parser with a team of reviewers",
        "name_is_id": false,
        "short_id": "s-lead",
        "bg": false,
        "state": "busy",
        "has_transcript": true,
        "agents": 5,
        "running": 2,
        "ctx": {
          "pct": 42,
          "used_tokens": 420000,
          "window_tokens": 1000000,
          "provenance": "1m"
        },
        "last_secs": 10,
        "now": {
          "type": "tool",
          "name": "Bash",
          "summary": "mise run test",
          "elapsed_secs": 10
        }
      },
      {
        "id": "codex:t-root",
        "provider": "codex",
        "name": "triage the flaky tests",
        "name_is_id": false,
        "short_id": "t-root",
        "bg": false,
        "state": "busy",
        "has_transcript": true,
        "agents": 4,
        "running": 2,
        "ctx": {
          "pct": 12,
          "used_tokens": 31000,
          "window_tokens": 258400,
          "provenance": "log"
        },
        "last_secs": 20,
        "now": {
          "type": "said",
          "text": "Reproducing the flake in a loop."
        }
      }
    ],
    "live": 2,
    "recent": 0,
    "older": 0
  },
  "overview": {
    "window": "60m",
    "cell": "",
    "rows": [
      {
        "id": "claude:s-lead",
        "depth": 0,
        "guides": [],
        "is_last_sibling": true,
        "label": "Audit the parser with a team of reviewers",
        "badge": null,
        "provider": "claude_code",
        "status": "running",
        "ctx": {
          "pct": 42,
          "used_tokens": 420000,
          "window_tokens": 1000000,
          "provenance": "1m"
        },
        "lane": "",
        "lane_tones": "",
        "now": {
          "type": "tool",
          "name": "Bash",
          "summary": "mise run test",
          "elapsed_secs": 10
        },
        "root": {
          "label": "Audit the parser with a team of reviewers",
          "provider": "claude_code",
          "bg": false,
          "state": "busy",
          "status": "running",
          "age_secs": 300,
          "model": "claude-opus-5-5[1m]",
          "effort": "high",
          "ctx": {
            "pct": 42,
            "used_tokens": 420000,
            "window_tokens": 1000000,
            "provenance": "1m"
          },
          "compactions": 1,
          "agents": 5,
          "running": 2,
          "folded": {
            "done": 0,
            "killed": 0,
            "transcripts": 0
          }
        }
      },
      {
        "id": "claude:s-audit-a",
        "depth": 1,
        "guides": [],
        "is_last_sibling": false,
        "label": "audit-A",
        "badge": "T",
        "provider": "claude_code",
        "status": "idle",
        "ctx": {
          "pct": 12,
          "used_tokens": 24000,
          "window_tokens": 200000,
          "provenance": "table"
        },
        "lane": "",
        "lane_tones": "",
        "now": {
          "type": "idle",
          "secs": 239
        },
        "root": null
      },
      {
        "id": "claude:s-audit-b",
        "depth": 1,
        "guides": [],
        "is_last_sibling": false,
        "label": "audit-B",
        "badge": "T",
        "provider": "claude_code",
        "status": "idle",
        "ctx": {
          "pct": 9,
          "used_tokens": 18000,
          "window_tokens": 200000,
          "provenance": "table"
        },
        "lane": "",
        "lane_tones": "",
        "now": {
          "type": "idle",
          "secs": 201
        },
        "root": null
      },
      {
        "id": "claude:s-lead/a7ac2e91",
        "depth": 1,
        "guides": [],
        "is_last_sibling": false,
        "label": "explore call sites",
        "badge": "S",
        "provider": "claude_code",
        "status": "done",
        "ctx": {
          "pct": 15,
          "used_tokens": 30000,
          "window_tokens": 200000,
          "provenance": "table"
        },
        "lane": "",
        "lane_tones": "",
        "now": {
          "type": "result",
          "text": "found 2 call sites"
        },
        "root": null
      },
      {
        "id": "claude:s-lead/f0cc1a22",
        "depth": 1,
        "guides": [],
        "is_last_sibling": true,
        "label": "fork: bench",
        "badge": "F",
        "provider": "claude_code",
        "status": "running",
        "ctx": {
          "pct": 75,
          "used_tokens": 150000,
          "window_tokens": 200000,
          "provenance": "table"
        },
        "lane": "",
        "lane_tones": "",
        "now": {
          "type": "tool",
          "name": "Bash",
          "summary": "cargo bench -p agtrace-providers",
          "elapsed_secs": 40
        },
        "root": null
      },
      {
        "id": "codex:t-root",
        "depth": 0,
        "guides": [],
        "is_last_sibling": true,
        "label": "triage the flaky tests",
        "badge": null,
        "provider": "codex",
        "status": "idle",
        "ctx": {
          "pct": 12,
          "used_tokens": 31000,
          "window_tokens": 258400,
          "provenance": "log"
        },
        "lane": "",
        "lane_tones": "",
        "now": {
          "type": "idle",
          "secs": 159
        },
        "root": {
          "label": "triage the flaky tests",
          "provider": "codex",
          "bg": false,
          "state": "busy",
          "status": "idle",
          "age_secs": 295,
          "model": "gpt-5.6",
          "effort": "medium",
          "ctx": {
            "pct": 12,
            "used_tokens": 31000,
            "window_tokens": 258400,
            "provenance": "log"
          },
          "compactions": 1,
          "agents": 4,
          "running": 2,
          "folded": {
            "done": 0,
            "killed": 0,
            "transcripts": 0
          }
        }
      },
      {
        "id": "codex:t-judge",
        "depth": 1,
        "guides": [],
        "is_last_sibling": false,
        "label": "judge",
        "badge": null,
        "provider": "codex",
        "status": "running",
        "ctx": {
          "pct": 77,
          "used_tokens": 200000,
          "window_tokens": 258400,
          "provenance": "log"
        },
        "lane": "",
        "lane_tones": "",
        "now": {
          "type": "tool",
          "name": "exec",
          "summary": "cargo test -p agtrace-cli",
          "elapsed_secs": 240
        },
        "root": null
      },
      {
        "id": "codex:t-judge-x",
        "depth": 2,
        "guides": [
          true
        ],
        "is_last_sibling": true,
        "label": "x",
        "badge": null,
        "provider": "codex",
        "status": "running",
        "ctx": {
          "pct": 5,
          "used_tokens": 12000,
          "window_tokens": 258400,
          "provenance": "log"
        },
        "lane": "",
        "lane_tones": "",
        "now": {
          "type": "said",
          "text": "Reproducing the flake in a loop."
        },
        "root": null
      },
      {
        "id": "codex:t-scout",
        "depth": 1,
        "guides": [],
        "is_last_sibling": true,
        "label": "scout",
        "badge": null,
        "provider": "codex",
        "status": "done",
        "ctx": {
          "pct": 15,
          "used_tokens": 40000,
          "window_tokens": 258400,
          "provenance": "log"
        },
        "lane": "",
        "lane_tones": "",
        "now": {
          "type": "result",
          "text": "3 flaky tests, all in watch_command.rs"
        },
        "root": null
      }
    ],
    "older_hidden": 0
  },
  "feed": [
    {
      "time": "12:00",
      "kind": "spawn",
      "from": "s-lead",
      "to": [
        "audit-A"
      ],
      "tag": "spawn teammate",
      "text": "general-purpose",
      "encrypted": false
    },
    {
      "time": "12:00",
      "kind": "spawn",
      "from": "s-lead",
      "to": [
        "audit-B"
      ],
      "tag": "spawn teammate",
      "text": "general-purpose",
      "encrypted": false
    },
    {
      "time": "12:00",
      "kind": "message",
      "from": "s-lead",
      "to": [
        "audit-A"
      ],
      "tag": "NEW_TASK",
      "text": "review parser",
      "encrypted": false
    },
    {
      "time": "12:00",
      "kind": "spawn",
      "from": "s-lead",
      "to": [
        "explore call sites"
      ],
      "tag": "spawn subagent",
      "text": "Explore",
      "encrypted": false
    },
    {
      "time": "12:00",
      "kind": "spawn",
      "from": "s-lead",
      "to": [
        "fork: bench"
      ],
      "tag": "spawn fork",
      "text": null,
      "encrypted": false
    },
    {
      "time": "12:00",
      "kind": "spawn",
      "from": "/root",
      "to": [
        "/root/judge"
      ],
      "tag": "spawn thread",
      "text": null,
      "encrypted": false
    },
    {
      "time": "12:00",
      "kind": "message",
      "from": "/root",
      "to": [
        "/root/judge"
      ],
      "tag": "NEW_TASK",
      "text": null,
      "encrypted": true
    },
    {
      "time": "12:00",
      "kind": "spawn",
      "from": "/root",
      "to": [
        "/root/scout"
      ],
      "tag": "spawn thread",
      "text": null,
      "encrypted": false
    },
    {
      "time": "12:00",
      "kind": "message",
      "from": "/root",
      "to": [
        "/root/scout"
      ],
      "tag": "NEW_TASK",
      "text": null,
      "encrypted": true
    },
    {
      "time": "12:01",
      "kind": "message",
      "from": "audit-A",
      "to": [
        "s-lead"
      ],
      "tag": "MESSAGE",
      "text": "done, found 3 bugs",
      "encrypted": false
    },
    {
      "time": "12:01",
      "kind": "spawn",
      "from": "/root/judge",
      "to": [
        "/root/judge/x"
      ],
      "tag": "spawn thread",
      "text": null,
      "encrypted": false
    },
    {
      "time": "12:01",
      "kind": "lifecycle",
      "from": "audit-B",
      "to": [],
      "tag": "idle",
      "text": null,
      "encrypted": false
    },
    {
      "time": "12:02",
      "kind": "message",
      "from": "/root/scout",
      "to": [
        "/root"
      ],
      "tag": "FINAL_ANSWER",
      "text": "3 flaky tests, all in watch_command.rs",
      "encrypted": false
    },
    {
      "time": "12:02",
      "kind": "lifecycle",
      "from": "/root/scout",
      "to": [],
      "tag": "done",
      "text": null,
      "encrypted": false
    },
    {
      "time": "12:02",
      "kind": "message",
      "from": "/root",
      "to": [
        "/root/judge"
      ],
      "tag": "MESSAGE",
      "text": null,
      "encrypted": true
    },
    {
      "time": "12:02",
      "kind": "lifecycle",
      "from": "explore call sites",
      "to": [],
      "tag": "done",
      "text": null,
      "encrypted": false
    },
    {
      "time": "12:02",
      "kind": "message",
      "from": "explore call sites",
      "to": [
        "s-lead"
      ],
      "tag": "TASK_NOTIFY",
      "text": "found 2 call sites",
      "encrypted": false
    }
  ],
  "feed_scope": "all",
  "status": {
    "crumbs": [
      "demo-project"
    ],
    "sessions": 2,
    "live": 2,
    "agents": 9,
    "running": 4,
    "idle": 3,
    "folded": 0,
    "diagnostics": 0,
    "errors": 0,
    "last_error": null,
    "show_done": false,
    "auto_select": false,
    "filter": "",
    "filter_editing": false,
    "matches": 0
  },
  "focus_pane": "navigator",
  "content_scroll": 0,
  "feed_scroll": "follow",
  "nav_hidden": false,
  "show_help": false,
  "toast": null
}
