---
source: crates/agtrace-cli/tests/watch_tui.rs
expression: "draw(&view, &mut ui, 80, 24)"
---
"┏ ▶ Agents · project demo-p┓┌ s-lead · claude-opus-5-5[1m] · 42% of 1.0M [1m] ─┐"
"┃▶ Audit ┌ Keys ──────────────────────────────────────────────────────┐        │"
"┃  ├ T au│ 0 / 1 / 2   sessions / overview / agents screen            │general-│"
"┃  ├ T au│ Enter → l   open the agent's detail (sessions: focus it)   │general-│"
"┃  ├ S ex│ a           all sessions (drop the session focus)          │rser"   │"
"┃  └ F fo│ Esc ← h     back: help/detail/tree/filter/reset/focus      │(subagen│"
"┃  codex │ i n r t     detail: instructions / now / result / timeline │        │"
"┃  ├ judg│ Tab/S-Tab   cycle panes (agents) / sections (detail)       │        │"
"┃  │ └ x │ j/k ↓/↑     move selection, or scroll pane / section       │nizer   │"
"┃  └ scou│ J / K       next / previous agent (also in the detail)     │d 3 bugs│"
"┃        │ PgUp/PgDn   page scroll (overview: move selection)         │ude-opus│"
"┃        │ C-u/C-d     half-page scroll                               │        │"
"┃        │ G / g       jump to end (follow) / top                     │        │"
"┃        │ /           find agents by name (↵ open, Esc clear)        │        │"
"┃        │ + - ] [     overview activity window: 15m 60m 4h all       │2 call s│"
"┃        │ space       fold / unfold node (sessions: older ones)      │        │"
"┗━━━━━━━━│ f           messages: all ↔ selected agent                 │────────┘"
"┌ Message│ d           show / fold finished & killed agents           │────────┐"
"│12:02 /r│ A           auto-select most active agent                  │        │"
"│12:02 /r│ R           rescan now                                     │        │"
"│12:02 ex│ ?           toggle this help                               │        │"
"│12:02 ex│ q / C-c     quit                                           │        │"
"└────────└────────────────────────────────────────────────────────────┘────────┘"
" AGENTS  2 sessions (2 live) · 9 agents (4 run)                ↵ detail · ? help"
