---
source: crates/agtrace-cli/tests/watch_tui.rs
expression: "draw(&view, &mut ui, 80, 24)"
---
"┏ ▶ Navigator ━━━━━━━━━┓┌ Overview · project demo-project · activity: last 60m ┐"
"┃▶◆ demo┌ Keys ────────────────────────────────────────────────────────┐       │"
"┃ ▸ ● Au│ ↑↓ j k      navigator: move (content follows); else scroll   │de-opu…│"
"┃ ▸ ● co│ → l         expand; again: first child; on an agent: read it │ run t…│"
"┃       │ ← h         collapse, else parent; content/messages: back    │       │"
"┃       │ Enter       read the selection (focus the content)           │       │"
"┃       │ Esc         clear filter, else go to the top node            │und 2 …│"
"┃       │ i n r t     instructions / now / result / timeline           │o benc…│"
"┃       │ Tab/S-Tab   focus navigator → content → messages             │gpt-5.6│"
"┃       │ PgUp/PgDn   page in the focused pane                         │       │"
"┃       │ C-u/C-d     half page                                        │o test…│"
"┃       │ g / G       top / end (messages: follow)                     │g the …│"
"┃       │ /           find agents by name (Esc clears)                 │flaky …│"
"┃       │ d           show / fold finished & killed agents             │       │"
"┃       │ space       expand / collapse the selected node              │       │"
"┃       │ + - ] [     activity window: 15m 60m 4h all                  │       │"
"┃       │ s           hide / show the navigator (below 80 cols)        │       │"
"┃       │ A           follow the most recently active agent            │───────┘"
"┃       │ R           rescan now                                       │───────┐"
"┃       │ ?           toggle this help                                 │encrypt│"
"┃       │ q / C-c     quit                                             │       │"
"┃       └──────────────────────────────────────────────────────────────┘found 2│"
"┗━━━━━━━━━━━━━━━━━━━━━━┛└──────────────────────────────────────────────────────┘"
" demo-project  2 sessions (2 live) · 9 agents (4 run)   → open · ↵ read · ? help"
