---
source: crates/agtrace-cli/tests/watch_tui.rs
expression: "draw(&view, &mut ui, 120, 40)"
---
"┏ ▶ Detail · audit-A ━━━━━━━━━━━━━━━━━━━━━━━━━━━━━━━━━━━━━━━━━━━━━━━━━━━━━━━━━━━━━━━━━━━━━━━━━━━━━━━━━━━━━━━━━━━━━━━━━━┓"
"┃audit-A · teammate of s-lead (team audit) · general-purpose · claude-opus-5 · ○ idle 3m                               ┃"
"┃ctx █░░░░░░░░░ 12% of 200k [table]  ▁   in 24k / out 10 · 1 turns · 1 tools                                           ┃"
"┃── ▶ Instructions (1) ────────────────────────────────────────────────────────────────────────────────────────────────┃"
"┃[12:00 spawned by s-lead · NEW_TASK]                                                                                  ┃"
"┃  review parser                                                                                                       ┃"
"┃── Now ───────────────────────────────────────────────────────────────────────────────────────────────────────────────┃"
"┃idle — waiting for input                                                                                              ┃"
"┃── Result ────────────────────────────────────────────────────────────────────────────────────────────────────────────┃"
"┃(idle — no result reported yet)                                                                                       ┃"
"┃── Timeline (5) ──────────────────────────────────────────────────────────────────────────────────────────────────────┃"
"┃12:00 ← s-lead   NEW_TASK "review parser"                                                                             ┃"
"┃12:00 ▸ Bash     cargo test -p parser                                                                                 ┃"
"┃12:00 ✗ error    3 failed                                                                                             ┃"
"┃12:01 → s-lead   MESSAGE "done, found 3 bugs"                                                                         ┃"
"┃12:01 ─ turn end                                                                                                      ┃"
"┃                                                                                                                      ┃"
"┃                                                                                                                      ┃"
"┃                                                                                                                      ┃"
"┃                                                                                                                      ┃"
"┃                                                                                                                      ┃"
"┃                                                                                                                      ┃"
"┃                                                                                                                      ┃"
"┃                                                                                                                      ┃"
"┃                                                                                                                      ┃"
"┃                                                                                                                      ┃"
"┃                                                                                                                      ┃"
"┃                                                                                                                      ┃"
"┃                                                                                                                      ┃"
"┃                                                                                                                      ┃"
"┃                                                                                                                      ┃"
"┃                                                                                                                      ┃"
"┃                                                                                                                      ┃"
"┃                                                                                                                      ┃"
"┃                                                                                                                      ┃"
"┃                                                                                                                      ┃"
"┃                                                                                                                      ┃"
"┃                                                                                                                      ┃"
"┗━━━━━━━━━━━━━━━━━━━━━━━━━━━━━━━━━━━━━━━━━━━━━━━━━━━━━━━━━━━━━━━━━━━━━━━━━━━━━━━━━━━━━━━━━━━━━━━━━━━━━━━━━━━━━━━━━━━━━━┛"
" DETAIL · audit-A · INSTRUCTIONS  9 agents (4 running, 3 idle)         Tab section · j/k scroll · G/g end/top · Esc back"
