---
source: crates/agtrace-cli/tests/watch_tui.rs
expression: "draw(&view, &mut ui15(), 80, 24)"
---
"┏ ▶ Navigator ━━━━━━━━━┓┌ Overview · project demo-project · activity: last 15m ┐"
"┃▶◆ demo-project       ┃│  agent          status context     now               │"
"┃ ▸ ● Audit the parser…┃│ Audit the parser with a… · busy · up 5m · claude-opu…│"
"┃ ▸ ● codex triage the…┃│  Audit the par… ● busy ███░░░  42% ▸ Bash mise run t…│"
"┃ ▸ ● Ship the release ┃│  ├ T audit-A    ○ idle █░░░░░  12% idle 3m           │"
"┃   ○ f00dcafe         ┃│  ├ T audit-B    ○ idle █░░░░░   9% idle 3m           │"
"┃   ✓ rename the confi…┃│  ├ S explore c… ✓ done █░░░░░  15% result: "found 2 …│"
"┃ ▸ ✓ 1 older session  ┃│  └ F fork: ben… ● busy █████░  75% ▸ Bash cargo benc…│"
"┃                      ┃│ codex triage the flaky tests · idle · up 4m · gpt-5.6│"
"┃                      ┃│  codex triage … ○ idle █░░░░░  12% idle 2m           │"
"┃                      ┃│  ├ judge        ● busy █████░  77% ▸ exec cargo test…│"
"┃                      ┃│  │ └ x          ● busy █░░░░░   5% "Reproducing the …│"
"┃                      ┃│  └ scout        ✓ done █░░░░░  15% result: "3 flaky …│"
"┃                      ┃│ Ship the release · idle (bg) · up 4m · claude-opus-5 │"
"┃                      ┃│  Ship the rele… ○ idle ██░░░░  25% idle 1m           │"
"┃                      ┃│  └ S step r0    ● busy             ▸ Bash cargo publ…│"
"┃                      ┃│    ✓ 3 finished · ⊘ 8 killed · 1 earlier transcript  │"
"┃                      ┃└────────────────────────────────────────────────── ↓3 ┘"
"┃                      ┃┌ Messages · all ──────────────────────────────────────┐"
"┃                      ┃│12:03 step d0 done                                    │"
"┃                      ┃│12:03 step d1 done                                    │"
"┃                      ┃│12:03 step d2 done                                    │"
"┗━━━━━━━━━━━━━━━━━━━━━━┛└──────────────────────────────────────────────────────┘"
" demo-project  6 sessions (4 live) · 25 agents (5 run) · 12 fo…  → open · ? help"
