---
source: crates/agtrace-cli/tests/watch_tui.rs
expression: ov
---
{
  "window": "15m",
  "cell": "1m",
  "rows": [
    {
      "id": "claude:s-lead",
      "depth": 0,
      "guides": [],
      "is_last_sibling": true,
      "label": "Audit the parser with a team of reviewers",
      "badge": null,
      "provider": "claude_code",
      "status": "running",
      "ctx": {
        "pct": 42,
        "used_tokens": 420000,
        "window_tokens": 1000000,
        "provenance": "1m"
      },
      "lane": "          ▅⟲▂·▂",
      "lane_tones": "          icrrr",
      "now": {
        "type": "tool",
        "name": "Bash",
        "summary": "mise run test",
        "elapsed_secs": 10
      },
      "root": {
        "label": "Audit the parser with a team of reviewers",
        "provider": "claude_code",
        "bg": false,
        "state": "busy",
        "status": "running",
        "age_secs": 300,
        "model": "claude-opus-5-5[1m]",
        "effort": "high",
        "ctx": {
          "pct": 42,
          "used_tokens": 420000,
          "window_tokens": 1000000,
          "provenance": "1m"
        },
        "compactions": 1,
        "agents": 5,
        "running": 2,
        "folded": {
          "done": 0,
          "killed": 0,
          "transcripts": 0
        }
      }
    },
    {
      "id": "claude:s-audit-a",
      "depth": 1,
      "guides": [],
      "is_last_sibling": false,
      "label": "audit-A",
      "badge": "T",
      "provider": "claude_code",
      "status": "idle",
      "ctx": {
        "pct": 12,
        "used_tokens": 24000,
        "window_tokens": 200000,
        "provenance": "table"
      },
      "lane": "          ▃▂   ",
      "lane_tones": "          ri   ",
      "now": {
        "type": "idle",
        "secs": 239
      },
      "root": null
    },
    {
      "id": "claude:s-audit-b",
      "depth": 1,
      "guides": [],
      "is_last_sibling": false,
      "label": "audit-B",
      "badge": "T",
      "provider": "claude_code",
      "status": "idle",
      "ctx": {
        "pct": 9,
        "used_tokens": 18000,
        "window_tokens": 200000,
        "provenance": "table"
      },
      "lane": "          ▃▂   ",
      "lane_tones": "          ri   ",
      "now": {
        "type": "idle",
        "secs": 201
      },
      "root": null
    },
    {
      "id": "claude:s-lead/a7ac2e91",
      "depth": 1,
      "guides": [],
      "is_last_sibling": false,
      "label": "explore call sites",
      "badge": "S",
      "provider": "claude_code",
      "status": "done",
      "ctx": {
        "pct": 15,
        "used_tokens": 30000,
        "window_tokens": 200000,
        "provenance": "table"
      },
      "lane": "          ▃·▂  ",
      "lane_tones": "          rrd  ",
      "now": {
        "type": "result",
        "text": "found 2 call sites"
      },
      "root": null
    },
    {
      "id": "claude:s-lead/f0cc1a22",
      "depth": 1,
      "guides": [],
      "is_last_sibling": true,
      "label": "fork: bench",
      "badge": "F",
      "provider": "claude_code",
      "status": "running",
      "ctx": {
        "pct": 75,
        "used_tokens": 150000,
        "window_tokens": 200000,
        "provenance": "table"
      },
      "lane": "          ▂···▂",
      "lane_tones": "          rrrrr",
      "now": {
        "type": "tool",
        "name": "Bash",
        "summary": "cargo bench -p agtrace-providers",
        "elapsed_secs": 40
      },
      "root": null
    },
    {
      "id": "codex:t-root",
      "depth": 0,
      "guides": [],
      "is_last_sibling": true,
      "label": "triage the flaky tests",
      "badge": null,
      "provider": "codex",
      "status": "idle",
      "ctx": {
        "pct": 12,
        "used_tokens": 31000,
        "window_tokens": 258400,
        "provenance": "log"
      },
      "lane": "          ▃·⟲  ",
      "lane_tones": "          rrc  ",
      "now": {
        "type": "idle",
        "secs": 159
      },
      "root": {
        "label": "triage the flaky tests",
        "provider": "codex",
        "bg": false,
        "state": "busy",
        "status": "idle",
        "age_secs": 295,
        "model": "gpt-5.6",
        "effort": "medium",
        "ctx": {
          "pct": 12,
          "used_tokens": 31000,
          "window_tokens": 258400,
          "provenance": "log"
        },
        "compactions": 1,
        "agents": 4,
        "running": 2,
        "folded": {
          "done": 0,
          "killed": 0,
          "transcripts": 0
        }
      }
    },
    {
      "id": "codex:t-judge",
      "depth": 1,
      "guides": [],
      "is_last_sibling": false,
      "label": "judge",
      "badge": null,
      "provider": "codex",
      "status": "running",
      "ctx": {
        "pct": 77,
        "used_tokens": 200000,
        "window_tokens": 258400,
        "provenance": "log"
      },
      "lane": "          ▂▃▂··",
      "lane_tones": "          rrrrr",
      "now": {
        "type": "tool",
        "name": "exec",
        "summary": "cargo test -p agtrace-cli",
        "elapsed_secs": 240
      },
      "root": null
    },
    {
      "id": "codex:t-judge-x",
      "depth": 2,
      "guides": [
        true
      ],
      "is_last_sibling": true,
      "label": "x",
      "badge": null,
      "provider": "codex",
      "status": "running",
      "ctx": {
        "pct": 5,
        "used_tokens": 12000,
        "window_tokens": 258400,
        "provenance": "log"
      },
      "lane": "           ···▂",
      "lane_tones": "           rrrr",
      "now": {
        "type": "said",
        "text": "Reproducing the flake in a loop."
      },
      "root": null
    },
    {
      "id": "codex:t-scout",
      "depth": 1,
      "guides": [],
      "is_last_sibling": true,
      "label": "scout",
      "badge": null,
      "provider": "codex",
      "status": "done",
      "ctx": {
        "pct": 15,
        "used_tokens": 40000,
        "window_tokens": 258400,
        "provenance": "log"
      },
      "lane": "          ▂▂   ",
      "lane_tones": "          rr   ",
      "now": {
        "type": "result",
        "text": "3 flaky tests, all in watch_command.rs"
      },
      "root": null
    }
  ],
  "older_hidden": 0
}
