---
source: crates/agtrace-cli/tests/watch_tui.rs
expression: "draw(&view, &mut ui(), 80, 24)"
---
"┏ ▶ Navigator ━━━━━━━━━┓┌ Overview · project demo-project · activity: last 60m ┐"
"┃▶◆ demo-project       ┃│ no agents yet                                        │"
"┃ no sessions yet      ┃│                                                      │"
"┃                      ┃│                                                      │"
"┃                      ┃│                                                      │"
"┃                      ┃│                                                      │"
"┃                      ┃│                                                      │"
"┃                      ┃│                                                      │"
"┃                      ┃│                                                      │"
"┃                      ┃│                                                      │"
"┃                      ┃│                                                      │"
"┃                      ┃│                                                      │"
"┃                      ┃│                                                      │"
"┃                      ┃│                                                      │"
"┃                      ┃│                                                      │"
"┃                      ┃│                                                      │"
"┃                      ┃│                                                      │"
"┃                      ┃└──────────────────────────────────────────────────────┘"
"┃                      ┃┌ Messages · all ──────────────────────────────────────┐"
"┃                      ┃│ no messages here yet                                 │"
"┃                      ┃│                                                      │"
"┃                      ┃│                                                      │"
"┗━━━━━━━━━━━━━━━━━━━━━━┛└──────────────────────────────────────────────────────┘"
" demo-project  0 sessions (0 live) · 0 agents (0 run)   → open · ↵ read · ? help"
