---
source: crates/agtrace-cli/tests/watch_tui.rs
expression: "draw(&view, &mut ui, 80, 24)"
---
"┏ ▶ Navigator ━━━━━━━━━┓┌ ⊘ 8 killed · ✓ 3 done · 1 earlier transcript · under ┐"
"┃ ◆ demo-project       ┃│  agent          status context     now               │"
"┃ ▸ ● Audit the parser…┃│  /clear · Ship… ✓ done             done 2h18m ago    │"
"┃ ▸ ● codex triage the…┃│  S step k0      ⊘ kill             killed 1m ago     │"
"┃ ▾ ● Ship the release ┃│  S step k1      ⊘ kill             killed 1m ago     │"
"┃  ├ ● S step r0       ┃│  S step k2      ⊘ kill             killed 1m ago     │"
"┃▶ └ ▾ ⊘ 8 killed · ✓ …┃│  S step k3      ⊘ kill             killed 1m ago     │"
"┃    ├ ✓ /clear · Ship…┃│  S step k4      ⊘ kill             killed 1m ago     │"
"┃    ├ ⊘ S step k0     ┃│  S step k5      ⊘ kill             killed 1m ago     │"
"┃    ├ ⊘ S step k1     ┃│  S step k6      ⊘ kill             killed 1m ago     │"
"┃    ├ ⊘ S step k2     ┃│  S step k7      ⊘ kill             killed 1m ago     │"
"┃    ├ ⊘ S step k3     ┃│  S step d0      ✓ done             done 1m ago       │"
"┃    ├ ⊘ S step k4     ┃│  S step d1      ✓ done             done 1m ago       │"
"┃    ├ ⊘ S step k5     ┃│  S step d2      ✓ done             done 1m ago       │"
"┃    ├ ⊘ S step k6     ┃│   → lists them in the navigator · d shows them in pla│"
"┃    ├ ⊘ S step k7     ┃│                                                      │"
"┃    ├ ✓ S step d0     ┃│                                                      │"
"┃    ├ ✓ S step d1     ┃└──────────────────────────────────────────────────────┘"
"┃    └ ✓ S step d2     ┃┌ Messages · folded agents ────────────────────────────┐"
"┃   ○ f00dcafe         ┃│12:03 step d0 done                                    │"
"┃   ✓ rename the confi…┃│12:03 step d1 done                                    │"
"┃ ▸ ✓ 1 older session  ┃│12:03 step d2 done                                    │"
"┗━━━━━━━━━━━━━━━━━━━━━━┛└──────────────────────────────────────────────────────┘"
" demo-pr… › Ship the… › ⊘ 8 kill…  6 sessions (4 live) · 25 ag…  → open · ? help"
