---
source: crates/agtrace-engine/tests/activity_snapshots.rs
expression: json
---
[
  {
    "type": "message",
    "role": "user",
    "text": "add myapp directory and create myapp/hoge.py which shows result of print(1+1).",
    "timestamp": "2025-12-09T19:47:42.930Z",
    "duration_ms": null,
    "stats": {
      "total_tokens": null,
      "event_count": 1
    }
  },
  {
    "type": "execution",
    "timestamp": "2025-12-09T19:47:54.563+00:00",
    "duration_ms": 0,
    "status": "success",
    "tools": [],
    "stats": {
      "total_tokens": null,
      "event_count": 1
    }
  },
  {
    "type": "message",
    "role": "assistant",
    "text": "I'll create the myapp directory and then create the hoge.py file with the print statement.",
    "timestamp": "2025-12-09T19:47:55.174Z",
    "duration_ms": null,
    "stats": {
      "total_tokens": 18,
      "event_count": 1
    }
  },
  {
    "type": "execution",
    "timestamp": "2025-12-09T19:47:55.793+00:00",
    "duration_ms": 12228,
    "status": "success",
    "tools": [
      {
        "name": "Bash",
        "input_summary": "mkdir -p myapp",
        "count": 1,
        "is_error": false
      },
      {
        "name": "Write",
        "input_summary": "hoge.py",
        "count": 1,
        "is_error": false
      }
    ],
    "stats": {
      "total_tokens": null,
      "event_count": 6
    }
  },
  {
    "type": "message",
    "role": "assistant",
    "text": "Done! I've created the `myapp` directory and the `hoge.py` file inside it. The file contains `print(1+1)` which will output `2` when executed. You can run it with: ```bash python myapp/hoge.py ```",
    "timestamp": "2025-12-09T19:48:14.040Z",
    "duration_ms": null,
    "stats": {
      "total_tokens": 125,
      "event_count": 1
    }
  },
  {
    "type": "message",
    "role": "user",
    "text": "cd to myapp and run python hoge.py",
    "timestamp": "2025-12-09T19:48:17.460Z",
    "duration_ms": null,
    "stats": {
      "total_tokens": null,
      "event_count": 1
    }
  },
  {
    "type": "execution",
    "timestamp": "2025-12-09T19:48:22.893+00:00",
    "duration_ms": 10990,
    "status": "failure",
    "tools": [
      {
        "name": "Bash",
        "input_summary": "cd myapp && python hoge.py",
        "count": 1,
        "is_error": true
      },
      {
        "name": "Bash",
        "input_summary": "cd myapp && python3 hoge.py",
        "count": 1,
        "is_error": false
      }
    ],
    "stats": {
      "total_tokens": null,
      "event_count": 7
    }
  },
  {
    "type": "message",
    "role": "assistant",
    "text": "Perfect! The script executed successfully and output `2`, which is the result of `1+1`.",
    "timestamp": "2025-12-09T19:48:38.356Z",
    "duration_ms": null,
    "stats": {
      "total_tokens": 59,
      "event_count": 1
    }
  }
]
