---
source: crates/agtrace-engine/tests/turn_snapshots.rs
assertion_line: 61
expression: json
---
[
  {
    "type": "user",
    "timestamp": "2025-12-09T19:51:29.418Z",
    "content": "add myapp directory and create myapp/hoge.py which shows result of print(1+1)."
  },
  {
    "type": "agent",
    "timestamp": "2025-12-09T19:51:50.106Z",
    "chain": [
      {
        "type": "thought",
        "content": "Analyzing the Task's Requirements: I'm currently focused on the specific steps the user wants to accomplish. Creating the directory `myapp` and then placing the `hoge.py` file with the specified Python code is straightforward. I'm considering the potential for edge cases or assumptions that may need to be addressed in the execution plan, such as file permissions or existing directory conflicts."
      },
      {
        "type": "thought",
        "content": "Crafting the Execution Steps: Now, I'm refining the steps to be as clear and concise as possible. Creating the file and writing the content seem like distinct sub-tasks, and I'm prioritizing directness. Thinking about how the Python code should be written."
      },
      {
        "type": "action",
        "tool_name": "Bash",
        "input_summary": "mkdir myapp",
        "result": {
          "status": "missing"
        }
      }
    ],
    "outcome": {
      "outcome": "completed"
    },
    "stats": {
      "total_tokens": null,
      "event_count": 3,
      "duration_ms": null
    }
  },
  {
    "type": "agent",
    "timestamp": "2025-12-09T19:52:16.623Z",
    "chain": [
      {
        "type": "thought",
        "content": "Creating the file structure: I've got the `myapp` directory set up, just as intended. The next logical step is to create the `hoge.py` file within it, and populate it with the required initial content."
      },
      {
        "type": "action",
        "tool_name": "Write",
        "input_summary": "hoge.py",
        "result": {
          "status": "missing"
        }
      }
    ],
    "outcome": {
      "outcome": "completed"
    },
    "stats": {
      "total_tokens": null,
      "event_count": 2,
      "duration_ms": null
    }
  },
  {
    "type": "agent",
    "timestamp": "2025-12-09T19:52:21.382Z",
    "chain": [
      {
        "type": "thought",
        "content": "Delivering on Requests: I've successfully created the `myapp` directory and the `hoge.py` file within, as requested. The file now contains the exact content specified, a straightforward outcome. I'm satisfied with the completion of this task."
      },
      {
        "type": "action",
        "tool_name": "Bash",
        "input_summary": "ls -F",
        "result": {
          "status": "missing"
        }
      }
    ],
    "outcome": {
      "outcome": "completed"
    },
    "stats": {
      "total_tokens": null,
      "event_count": 2,
      "duration_ms": null
    }
  },
  {
    "type": "agent",
    "timestamp": "2025-12-09T19:52:26.013Z",
    "chain": [
      {
        "type": "thought",
        "content": "Analyzing File Structure Creation: I can confirm the creation of the `myapp` directory and the `hoge.py` file within it. It appears the initial setup requested by the user is now complete, and the base structure is in place. I have successfully fulfilled the immediate requirements."
      }
    ],
    "outcome": {
      "outcome": "completed"
    },
    "stats": {
      "total_tokens": null,
      "event_count": 1,
      "duration_ms": null
    }
  },
  {
    "type": "user",
    "timestamp": "2025-12-09T19:52:58.592Z",
    "content": "cd to myapp and run python hoge.py"
  },
  {
    "type": "agent",
    "timestamp": "2025-12-09T19:53:16.156Z",
    "chain": [
      {
        "type": "thought",
        "content": "Planning the Execution: I'm focusing now on the exact steps needed. It seems simple: I need to change the current directory to `myapp` first, and *then* run `hoge.py` with Python. Thinking about the best way to represent this sequence concisely."
      },
      {
        "type": "action",
        "tool_name": "Bash",
        "input_summary": "cd myapp && python hoge.py",
        "result": {
          "status": "missing"
        }
      }
    ],
    "outcome": {
      "outcome": "completed"
    },
    "stats": {
      "total_tokens": null,
      "event_count": 2,
      "duration_ms": null
    }
  },
  {
    "type": "agent",
    "timestamp": "2025-12-09T19:54:17.694Z",
    "chain": [
      {
        "type": "thought",
        "content": "Analyzing Command Failures: I'm currently focused on the \"target shim binary not found\" error. I suspect the issue lies in the Python path configuration. I am going to try explicitly specifying the full path to Python."
      },
      {
        "type": "thought",
        "content": "Testing Python Execution Paths: I'm now investigating potential path problems. I'll explicitly call `python3` instead of relying on the default `python` alias, to sidestep any potential environment issues. If this resolves the \"target shim binary not found\" error, the path configuration is the culprit. Otherwise, a deeper dive into the shell environment is needed."
      },
      {
        "type": "action",
        "tool_name": "Bash",
        "input_summary": "cd myapp && python3 hoge.py",
        "result": {
          "status": "missing"
        }
      }
    ],
    "outcome": {
      "outcome": "completed"
    },
    "stats": {
      "total_tokens": null,
      "event_count": 3,
      "duration_ms": null
    }
  },
  {
    "type": "agent",
    "timestamp": "2025-12-09T19:54:21.715Z",
    "chain": [
      {
        "type": "thought",
        "content": "Evaluating the Result: I've verified the output; the `python3 hoge.py` script produced the anticipated result, printing \"2.\" This confirms that the user's initial objective was achieved without issue. I'm satisfied with the outcome."
      }
    ],
    "outcome": {
      "outcome": "completed"
    },
    "stats": {
      "total_tokens": null,
      "event_count": 1,
      "duration_ms": null
    }
  }
]
